// Jest Snapshot v1, https://goo.gl/fbAQLP

exports[`RoseMain Component renders the complete RoseMain Component and all nested Components 1`] = `
<section
  className="Rose_Expanded"
>
  <nav
    className="Rose_Nav"
    role="navigation"
  >
    <RoseNav />
  </nav>
  <div
    className="Rose_Image_Entry"
  >
    <RoseColor />
  </div>
  <Rose
    onDeleteRose={[Function]}
  />
</section>
`;
