// Jest Snapshot v1, https://goo.gl/fbAQLP

exports[`LandingNav Component renders the complete LandingNav Component 1`] = `
<div
  className="LandingNav"
>
  <Link
    to="/register"
  >
    Sign Up
  </Link>
  <Link
    to="/login"
  >
    Login
  </Link>
  <Link
    to="/your-garden"
  >
    Your Garden
  </Link>
</div>
`;
