// Jest Snapshot v1, https://goo.gl/fbAQLP

exports[`RoseInfo Component renders the complete RoseInfo Component 1`] = `
<section
  className="ViewRose"
>
  <div
    className="Collapsed_Roses"
  >
    <Link
      id="Rose_MiniInfo"
      to="/roses/undefined"
    >
      <div
        className="Rose_Image_Garden"
      >
        <RoseColor />
      </div>
      <h2
        id="rose-info"
      >
         Rose Planted on 
        Invalid Date
      </h2>
    </Link>
  </div>
</section>
`;
