// Jest Snapshot v1, https://goo.gl/fbAQLP

exports[`LoginForm Component renders the complete LoginForm Component 1`] = `
<section
  className="LoginForm"
>
  <nav
    className="Login_Nav"
    role="navigation"
  >
    <FontAwesomeIcon
      border={false}
      className=""
      fixedWidth={false}
      flip={null}
      icon="chevron-left"
      inverse={false}
      listItem={false}
      mask={null}
      pull={null}
      pulse={false}
      rotation={null}
      size={null}
      spin={false}
      swapOpacity={false}
      symbol={false}
      title=""
      transform={null}
    />
    <Link
      to="/"
    >
      Back
    </Link>
  </nav>
  <h3
    id="login-header"
  >
    Log In
  </h3>
  <form
    className="Login_Form"
    onSubmit={[Function]}
  >
    <div>
      <label
        htmlFor="username"
      >
        <p
          id="return-user-label"
        >
          Username:
        </p>
        <input
          id="return-user"
          name="return_user"
          type="text"
        />
      </label>
    </div>
    <div>
      <label
        htmlFor="username"
      >
        <p
          id="return-pass-label"
        >
          Password:
        </p>
        <input
          id="return-pass"
          name="return_pass"
          type="password"
        />
      </label>
    </div>
    <button
      id="submit-login"
      type="submit"
    >
      Login
    </button>
  </form>
</section>
`;
