// Jest Snapshot v1, https://goo.gl/fbAQLP

exports[`EditRose Component renders the complete EditRose Component and all nested Components 1`] = `
<section
  className="EditRose"
>
  <div
    className="Rose__Editor"
  >
    <RoseNav />
    <form
      className="Edit_Rose"
      onSubmit={[Function]}
    >
      <EditRoseForm />
    </form>
  </div>
</section>
`;
