// Jest Snapshot v1, https://goo.gl/fbAQLP

exports[`PlantRoseForm Component renders the complete PlantRoseForm Component 1`] = `
<section
  className="PlantRose"
>
  <RoseNav />
  <h1
    id="plant-title"
  >
    Plant a Rose
  </h1>
  <form
    className="PlantRoseForm"
    onSubmit={[Function]}
  >
    <div
      className="Date_Entry"
    >
      <label
        htmlFor="date"
      >
        <FontAwesomeIcon
          border={false}
          className=""
          color="green"
          fixedWidth={false}
          flip={null}
          icon="seedling"
          inverse={false}
          listItem={false}
          mask={null}
          pull={null}
          pulse={false}
          rotation={null}
          size="3x"
          spin={false}
          swapOpacity={false}
          symbol={false}
          title=""
          transform={null}
        />
        <h2
          id="date-entry-header"
        >
          Date Planted
        </h2>
        <input
          id="entry-date"
          name="date"
          required={true}
          type="date"
        />
      </label>
    </div>
    <div
      className="Rose_Entry"
    >
      <FontAwesomeIcon
        border={false}
        className=""
        color="#FFFAEA"
        fixedWidth={false}
        flip={null}
        icon="grin-beam"
        id="rose-icon"
        inverse={false}
        listItem={false}
        mask={null}
        pull={null}
        pulse={false}
        rotation={null}
        size="3x"
        spin={false}
        swapOpacity={false}
        symbol={false}
        title=""
        transform={null}
      />
      <h2
        id="plant-header-rose"
      >
        Rose
      </h2>
      <label
        htmlFor="rose-entry-input"
      >
        <p
          id="rose-prompt"
        >
          What brought you happiness today? Did you make progress on any ideas or goals?
        </p>
        <textarea
          id="rose-entry-input"
          name="rose-text"
          onChange={[Function]}
          placeholder="Write your thoughts here"
          required={true}
          rows="15"
          value=""
        />
        <ErrorValidation
          valid={false}
        />
      </label>
    </div>
    <div
      className="Thorn_Entry"
    >
      <FontAwesomeIcon
        border={false}
        className=""
        color="#A272AA"
        fixedWidth={false}
        flip={null}
        icon="frown"
        id="thorn-icon"
        inverse={false}
        listItem={false}
        mask={null}
        pull={null}
        pulse={false}
        rotation={null}
        size="3x"
        spin={false}
        swapOpacity={false}
        symbol={false}
        title=""
        transform={null}
      />
      <h2
        id="plant-header-thorn"
      >
        Thorn
      </h2>
      <label
        htmlFor="thorn-entry-input"
      >
        <p
          id="thorn-prompt"
        >
          Was there anything that upset or frustrated you today? What were the sources of those feelings?
        </p>
        <textarea
          id="thorn-entry-input"
          name="thorn-text"
          onChange={[Function]}
          placeholder="Write your thoughts here"
          required={true}
          rows="15"
          value=""
        />
        <ErrorValidation
          valid={false}
        />
      </label>
    </div>
    <div
      className="Bud_Entry"
    >
      <FontAwesomeIcon
        border={false}
        className=""
        color="#8B5151"
        fixedWidth={false}
        flip={null}
        icon="grin-alt"
        id="bud-icon"
        inverse={false}
        listItem={false}
        mask={null}
        pull={null}
        pulse={false}
        rotation={null}
        size="3x"
        spin={false}
        swapOpacity={false}
        symbol={false}
        title=""
        transform={null}
      />
      <h2
        id="plant-header-bud"
      >
        Bud
      </h2>
      <label
        htmlFor="bud-text"
      >
        <p
          id="bud-prompt"
        >
          What is something you are looking forward to? What would you like to spend more time focusing on?
        </p>
        <textarea
          id="bud-entry-input"
          name="bud-text"
          onChange={[Function]}
          placeholder="Write your thoughts here"
          required={true}
          rows="15"
          value=""
        />
        <ErrorValidation
          valid={false}
        />
      </label>
    </div>
    <div
      className="Rose_Color"
    >
      <FontAwesomeIcon
        border={false}
        className=""
        color="#B00000"
        fixedWidth={false}
        flip={null}
        icon="spa"
        id="color-icon"
        inverse={false}
        listItem={false}
        mask={null}
        pull={null}
        pulse={false}
        rotation={null}
        size="3x"
        spin={false}
        swapOpacity={false}
        symbol={false}
        title=""
        transform={null}
      />
      <h2
        id="plant-color-header"
      >
        Rose Color
      </h2>
      <label
        htmlFor="colors"
      >
        <p
          id="color-prompt"
        >
          Lastly, pick a rose color based on your current mood.
        </p>
        <select
          id="colors"
          name="rose-colors"
          onChange={[Function]}
          required={true}
          value=""
        >
          <option
            value=""
          />
          <option
            value="Red"
          >
            Red (Neutral)
          </option>
          <option
            value="Yellow"
          >
            Yellow (Happy)
          </option>
          <option
            value="White"
          >
            White (Thoughtful)
          </option>
          <option
            value="Pink"
          >
            Pink (Grateful)
          </option>
          <option
            value="Purple"
          >
            Purple (Angry)
          </option>
          <option
            value="Black"
          >
            Black (Sad)
          </option>
        </select>
        <ErrorValidation
          valid={false}
        />
      </label>
      <button
        id="submit-rose"
        type="submit"
      >
        Plant Rose
      </button>
      <button
        id="cancel-plant"
        onClick={[Function]}
        type="button"
      >
        Cancel
      </button>
    </div>
  </form>
</section>
`;
