// Jest Snapshot v1, https://goo.gl/fbAQLP

exports[`PlantRoseForm Component renders the complete PlantRoseForm Component 1`] = `
<section
  className="PlantRose"
>
  <RoseNav />
  <h1>
    Plant a Rose
  </h1>
  <form
    className="PlantRoseForm"
    onSubmit={[Function]}
  >
    <div
      className="Date_Entry"
    >
      <label
        htmlFor="date"
      >
        <p
          id="date-entry"
        >
          Date Planted:
        </p>
        <input
          id="entry-date"
          name="date"
          required=""
          type="date"
        />
      </label>
    </div>
    <div
      className="Rose_Entry"
    >
      <h2>
        Rose
      </h2>
      <label
        htmlFor="rose-entry-input"
      >
        <p
          id="rose-prompt"
        >
          What is something you are looking forward to? Are there any new ideas that you would like to see grow?
        </p>
        <textarea
          id="rose-entry-input"
          name="rose-text"
          onChange={[Function]}
          placeholder="Write your thoughts here"
          rows="15"
        />
        <ErrorValidation
          message="Please enter in some text to repsond to the prompt."
        />
      </label>
    </div>
    <div
      className="Thorn_Entry"
    >
      <h2>
        Thorn
      </h2>
      <label
        htmlFor="thorn-entry-input"
      >
        <p
          id="thorn-prompt"
        >
          What didn't go as planned? What stressed you out or made you feel upset?
        </p>
        <textarea
          id="thorn-entry-input"
          name="thorn-text"
          onChange={[Function]}
          placeholder="Write your thoughts here"
          rows="15"
        />
        <ErrorValidation
          message="Please enter in some text to repsond to the prompt."
        />
      </label>
    </div>
    <div
      className="Bud_Entry"
    >
      <h2>
        Bud
      </h2>
      <label
        htmlFor="bud-text"
      >
        <p
          id="bud-prompt"
        >
          What is something you are looking forward to? Are there any new ideas that you would like to see grow?
        </p>
        <textarea
          id="bud-entry-input"
          name="bud-text"
          onChange={[Function]}
          placeholder="Write your thoughts here"
          rows="15"
        />
        <ErrorValidation
          message="Please enter in some text to repsond to the prompt."
        />
      </label>
    </div>
    <div
      className="Rose_Color"
    >
      <h2>
        Rose Color
      </h2>
      <label
        htmlFor="colors"
      >
        <p
          id="color-prompt"
        >
          Lastly, pick a rose color based on your current mood.
        </p>
        <select
          id="colors"
          name="rose-colors"
          onChange={[Function]}
        >
          <option
            value=""
          />
          <option
            value="Red"
          >
            Red (Neutral)
          </option>
          <option
            value="Yellow"
          >
            Yellow (Happy)
          </option>
          <option
            value="White"
          >
            White (Thoughtful)
          </option>
          <option
            value="Pink"
          >
            Pink (Grateful)
          </option>
          <option
            value="Purple"
          >
            Purple (Angry)
          </option>
          <option
            value="Black"
          >
            Black (Sad)
          </option>
        </select>
        <ErrorValidation
          message="Please select a color."
        />
      </label>
    </div>
    <button
      id="submit-rose"
      type="submit"
    >
      Plant Rose
    </button>
    <button
      id="start-over"
      type="reset"
    >
      Start Over
    </button>
  </form>
</section>
`;
