// Jest Snapshot v1, https://goo.gl/fbAQLP

exports[`MainNav Component renders the complete MainNav Component 1`] = `
<nav
  className="Main_Nav"
  role="navigation"
>
  <div
    className="MainNav_NoLogin"
  >
    <Link
      id="register-link"
      to="/register"
    >
      Sign Up
    </Link>
    <FontAwesomeIcon
      border={false}
      className=""
      color="green"
      fixedWidth={false}
      flip={null}
      icon="seedling"
      inverse={false}
      listItem={false}
      mask={null}
      pull={null}
      pulse={false}
      rotation={null}
      size={null}
      spin={false}
      swapOpacity={false}
      symbol={false}
      title=""
      transform={null}
    />
    <Link
      id="login-link"
      to="/login"
    >
      Log In
    </Link>
  </div>
</nav>
`;
