// Jest Snapshot v1, https://goo.gl/fbAQLP

exports[`RegistrationForm Component renders the complete RegistrationForm Component 1`] = `
<section
  className="RegistrationForm"
>
  <nav
    className="Register_Nav"
    role="navigation"
  >
    <Link
      to="/"
    >
      <FontAwesomeIcon
        border={false}
        className=""
        fixedWidth={false}
        flip={null}
        icon="chevron-left"
        inverse={false}
        listItem={false}
        mask={null}
        pull={null}
        pulse={false}
        rotation={null}
        size={null}
        spin={false}
        swapOpacity={false}
        symbol={false}
        title=""
        transform={null}
      />
      Back
    </Link>
  </nav>
  <h3
    id="register-header"
  >
    Begin Cultivating
  </h3>
  <form
    className="Register_Form"
    onSubmit={[Function]}
  >
    <div
      className="Username"
    >
      <label
        htmlFor="username"
      >
        <p
          id="user-descrip"
        >
          Username:
        </p>
        <input
          id="username"
          name="username"
          onChange={[Function]}
          type="text"
          value=""
        />
        <ErrorValidation
          className="Username_Error"
          valid={false}
        />
      </label>
    </div>
    <div
      className="Password"
    >
      <label
        htmlFor="password"
      >
        <p
          id="password-descrip"
        >
          Password:
        </p>
        <input
          id="password"
          name="password"
          onChange={[Function]}
          type="password"
        />
        <ErrorValidation
          className="Password_Error"
          valid={false}
        />
      </label>
      <label
        htmlFor="retype-password"
      >
        <p
          id="confirm-descrip"
        >
          Re-Type Password:
        </p>
        <input
          id="retype-password"
          name="re-type-password"
          onChange={[Function]}
          type="password"
        />
        <ErrorValidation
          className="Retype_Error"
          valid={false}
        />
      </label>
    </div>
    <button
      id="register-user"
      type="submit"
    >
      Register
    </button>
  </form>
</section>
`;
