// Jest Snapshot v1, https://goo.gl/fbAQLP

exports[`RegistrationForm Component renders the complete RegistrationForm Component 1`] = `
<section
  className="LoginForm"
>
  <nav
    className="Register_Nav"
    role="navigation"
  >
    <Link
      to="/"
    >
      Back
    </Link>
  </nav>
  <h3>
    Begin Cultivating
  </h3>
  <form
    className="Registration_Form"
    onSubmit={[Function]}
  >
    <div
      className="Username"
    >
      <label
        htmlFor="username"
      >
        Username:
        <input
          id="username"
          name="username"
          type="text"
        />
      </label>
    </div>
    <div
      className="Password"
    >
      <label
        htmlFor="password"
      >
        Password:
        <input
          id="password"
          name="password"
          type="password"
        />
      </label>
      <label
        htmlFor="retype-password"
      >
        Re-Type Password:
        <input
          id="retype-password"
          name="re-typepassword"
          type="password"
        />
      </label>
    </div>
    <button
      type="submit"
    >
      Register
    </button>
  </form>
</section>
`;
